   Compiling tensor4all-core v0.1.0 (/Users/hiroshi/projects/tensor4all/tensor4all-rs/crates/tensor4all-core)
    Finished `test` profile [unoptimized + debuginfo] target(s) in 0.54s
     Running unittests src/lib.rs (target/debug/deps/tensor4all_core-fb15a74a153865cb)

running 0 tests

test result: ok. 0 passed; 0 failed; 0 ignored; 0 measured; 0 filtered out; finished in 0.00s

     Running tests/basic.rs (target/debug/deps/basic-8803bd7909ced7e0)

running 16 tests
test test_index_with_custom_id ... ok
test test_storage_dense_c64 ... ok
test test_storage_dense_f64 ... ok
test test_cow_storage ... ok
test test_storage_factory_c64 ... ok
test test_storage_factory_f64 ... ok
test test_id_generation ... ok
test test_index_dyn ... ok
test test_tensor_cow ... ok
test test_tensor_dyn_len_creation ... ok
test test_tensor_static_len_creation ... ok
test test_tensor_sum_c64 ... ok
test test_tensor_sum_f64_no_match ... ok
test test_tensor_dyn_len_mismatch - should panic ... ok
test test_thread_local_rng_different_seeds ... ok
test test_thread_count_changes ... ok

test result: ok. 16 passed; 0 failed; 0 ignored; 0 measured; 0 filtered out; finished in 0.00s

     Running tests/index_tags.rs (target/debug/deps/index_tags-038c20dd79f1a7a9)

running 5 tests
test test_index_hash_by_id_only ... ok
test test_index_equality_by_id_only ... ok
test test_index_with_tags ... ok
test test_index_new_with_tags ... ok
test test_index_tags_mutability ... ok

test result: ok. 5 passed; 0 failed; 0 ignored; 0 measured; 0 filtered out; finished in 0.00s

     Running tests/tagset.rs (target/debug/deps/tagset-110c34238036455b)

running 16 tests
test test_default_types ... ok
test test_smallstring_equality ... ok
test test_smallstring_from_str ... ok
test test_smallstring_new ... ok
test test_smallstring_ordering ... ok
test test_smallstring_too_long ... ok
test test_smallstring_unicode ... ok
test test_tagset_add_tag ... ok
test test_tagset_common_tags ... ok
test test_tagset_from_str ... ok
test test_tagset_has_tag ... ok
test test_tagset_new ... ok
test test_tagset_remove_tag ... ok
test test_tagset_sorted_order ... ok
test test_tagset_too_many_tags ... ok
test test_tagset_whitespace_ignored ... ok

test result: ok. 16 passed; 0 failed; 0 ignored; 0 measured; 0 filtered out; finished in 0.00s

   Doc-tests tensor4all_core

running 0 tests

test result: ok. 0 passed; 0 failed; 0 ignored; 0 measured; 0 filtered out; finished in 0.00s

